// Jest Snapshot v1, https://goo.gl/fbAQLP

exports[`Tile List rendering should match the default snapshot 1`] = `
<div>
  <div
    class="sc-bdVaJa gkTLIw"
  >
    <div
      class="sc-bwzfXH ifanNJ"
    >
      <div
        class="sc-htpNat loqVhN"
      >
        <h2
          class="sc-bZQynM eoBPAX"
        >
          Herblore Calculator
        </h2>
      </div>
      <div
        class="sc-bxivhb huOraT"
      >
        Calculate how much herblore exp you have with your herbs or calculate the amount of money required to gain a certain amount of exp
      </div>
    </div>
    <div
      class="sc-bwzfXH ifanNJ"
    >
      <div
        class="sc-htpNat loqVhN"
      >
        <h2
          class="sc-bZQynM eoBPAX"
        >
          Ensouled Head Calculator
        </h2>
      </div>
      <div
        class="sc-bxivhb huOraT"
      >
        Calculate how much prayer and magic exp you will gain with all your ensouled heads
      </div>
    </div>
  </div>
</div>
`;
